c:\users\navegador\source\repos\trabajo practico 3- julia rojas\ejercicio 2\x64\debug\vc143.pdb
c:\users\navegador\source\repos\trabajo practico 3- julia rojas\ejercicio 2\x64\debug\vc143.idb
c:\users\navegador\source\repos\trabajo practico 3- julia rojas\ejercicio 2\x64\debug\ejercicio 2.obj
c:\users\navegador\source\repos\trabajo practico 3- julia rojas\x64\debug\ejercicio 2.exe
c:\users\navegador\source\repos\trabajo practico 3- julia rojas\x64\debug\ejercicio 2.pdb
c:\users\navegador\source\repos\trabajo practico 3- julia rojas\ejercicio 2\x64\debug\ejercicio 2.ilk
c:\users\julia\desktop\facu\1er año\1er cuatrimestre\programacion\trabajo practico 3- julia rojas\ejercicio 2\x64\debug\ejercicio 2.obj
c:\users\julia\desktop\facu\1er año\1er cuatrimestre\programacion\trabajo practico 3- julia rojas\ejercicio 2\x64\debug\ejercicio 2.ilk
c:\users\julia\desktop\facu\1er año\1er cuatrimestre\programacion\trabajo practico 3- julia rojas\ejercicio 2\x64\debug\vc143.idb
c:\users\julia\desktop\facu\1er año\1er cuatrimestre\programacion\trabajo practico 3- julia rojas\ejercicio 2\x64\debug\vc143.pdb
c:\users\julia\desktop\facu\1er año\1er cuatrimestre\programacion\trabajo practico 3- julia rojas\x64\debug\ejercicio 2.pdb
c:\users\julia\desktop\facu\1er año\1er cuatrimestre\programacion\trabajo practico 3- julia rojas\x64\debug\ejercicio 2.exe
c:\users\julia\desktop\facu\1er año\1er cuatrimestre\programacion\trabajo practico 3- julia rojas\ejercicio 2\x64\debug\ejercicio 2.tlog\cl.command.1.tlog
c:\users\julia\desktop\facu\1er año\1er cuatrimestre\programacion\trabajo practico 3- julia rojas\ejercicio 2\x64\debug\ejercicio 2.tlog\cl.items.tlog
c:\users\julia\desktop\facu\1er año\1er cuatrimestre\programacion\trabajo practico 3- julia rojas\ejercicio 2\x64\debug\ejercicio 2.tlog\cl.read.1.tlog
c:\users\julia\desktop\facu\1er año\1er cuatrimestre\programacion\trabajo practico 3- julia rojas\ejercicio 2\x64\debug\ejercicio 2.tlog\cl.write.1.tlog
c:\users\julia\desktop\facu\1er año\1er cuatrimestre\programacion\trabajo practico 3- julia rojas\ejercicio 2\x64\debug\ejercicio 2.tlog\link.command.1.tlog
c:\users\julia\desktop\facu\1er año\1er cuatrimestre\programacion\trabajo practico 3- julia rojas\ejercicio 2\x64\debug\ejercicio 2.tlog\link.read.1.tlog
c:\users\julia\desktop\facu\1er año\1er cuatrimestre\programacion\trabajo practico 3- julia rojas\ejercicio 2\x64\debug\ejercicio 2.tlog\link.secondary.1.tlog
c:\users\julia\desktop\facu\1er año\1er cuatrimestre\programacion\trabajo practico 3- julia rojas\ejercicio 2\x64\debug\ejercicio 2.tlog\link.write.1.tlog
